// Jest Snapshot v1, https://goo.gl/fbAQLP

exports[`Tag matches snapshot 1`] = `
<div>
  <strong
    class="nhsuk-tag"
  >
    Active
  </strong>
</div>
`;
