// Jest Snapshot v1, https://goo.gl/fbAQLP

exports[`Container matches snapshot 1`] = `
<div>
  <div
    class="nhsuk-width-container"
  />
</div>
`;
