// Jest Snapshot v1, https://goo.gl/fbAQLP

exports[`Table.Cell matches snapshot 1`] = `
<div>
  <td
    class="nhsuk-table__cell"
  />
</div>
`;
