// Jest Snapshot v1, https://goo.gl/fbAQLP

exports[`TableCaption matches snapshot 1`] = `
<div>
  <caption
    class="nhsuk-table__caption"
  />
</div>
`;
