// Jest Snapshot v1, https://goo.gl/fbAQLP

exports[`Components/ErrorSummary Standard smoke-test 1`] = `
<div class="nhsuk-error-summary"
     aria-labelledby="error-summary-title"
     role="alert"
     tabindex="-1"
>
  <h2 class="nhsuk-error-summary__title"
      id="error-summary-title"
  >
    There is a problem
  </h2>
  <div class="nhsuk-error-summary__body">
    <p>
      Optional description of the errors and how to correct them
    </p>
    <ul class="nhsuk-list nhsuk-error-summary__list">
      <li>
        <a href="#example-error-1">
          Link to error with explanation
        </a>
      </li>
      <li>
        <a href="#example-error-2">
          Link to error with explanation
        </a>
      </li>
    </ul>
  </div>
</div>
`;
