// Jest Snapshot v1, https://goo.gl/fbAQLP

exports[`Components/Footer Standard smoke-test 1`] = `
<div id="restOfThePage"
     style="height: 60vh;"
>
</div>
<footer>
  <div class="nhsuk-footer">
    <div class="nhsuk-width-container">
      <h2 class="nhsuk-u-visually-hidden">
        Support links
      </h2>
      <ul class="nhsuk-footer__list">
        <li class="nhsuk-footer__list-item">
          <a class="nhsuk-footer__list-item-link"
             href="https://www.nhs.uk/nhs-sites/"
          >
            NHS sites
          </a>
        </li>
        <li class="nhsuk-footer__list-item">
          <a class="nhsuk-footer__list-item-link"
             href="https://www.nhs.uk/about-us/"
          >
            About us
          </a>
        </li>
        <li class="nhsuk-footer__list-item">
          <a class="nhsuk-footer__list-item-link"
             href="https://www.nhs.uk/contact-us/"
          >
            Contact us
          </a>
        </li>
        <li class="nhsuk-footer__list-item">
          <a class="nhsuk-footer__list-item-link"
             href="https://www.nhs.uk/about-us/sitemap/"
          >
            Sitemap
          </a>
        </li>
        <li class="nhsuk-footer__list-item">
          <a class="nhsuk-footer__list-item-link"
             href="https://www.nhs.uk/our-policies/"
          >
            Our policies
          </a>
        </li>
      </ul>
      <p class="nhsuk-footer__copyright">
        Â© Crown copyright
      </p>
    </div>
  </div>
</footer>
`;
