// Jest Snapshot v1, https://goo.gl/fbAQLP

exports[`Components/NavAZ Basic smoke-test 1`] = `
<nav class="nhsuk-nav-a-z">
  <ol class="nhsuk-nav-a-z__list">
    <li class="nhsuk-nav-a-z__item">
      <a class="nhsuk-nav-a-z__link"
         href="#A"
      >
        A
      </a>
    </li>
    <li class="nhsuk-nav-a-z__item">
      <a class="nhsuk-nav-a-z__link"
         href="#B"
      >
        B
      </a>
    </li>
    <li class="nhsuk-nav-a-z__item">
      <a class="nhsuk-nav-a-z__link"
         href="#C"
      >
        C
      </a>
    </li>
    <li class="nhsuk-nav-a-z__item">
      <a class="nhsuk-nav-a-z__link"
         href="#D"
      >
        D
      </a>
    </li>
    <li class="nhsuk-nav-a-z__item">
      <a class="nhsuk-nav-a-z__link"
         href="#E"
      >
        E
      </a>
    </li>
    <li class="nhsuk-nav-a-z__item">
      <a class="nhsuk-nav-a-z__link"
         href="#F"
      >
        F
      </a>
    </li>
    <li class="nhsuk-nav-a-z__item">
      <a class="nhsuk-nav-a-z__link"
         href="#G"
      >
        G
      </a>
    </li>
    <li class="nhsuk-nav-a-z__item">
      <a class="nhsuk-nav-a-z__link"
         href="#H"
      >
        H
      </a>
    </li>
    <li class="nhsuk-nav-a-z__item">
      <a class="nhsuk-nav-a-z__link"
         href="#I"
      >
        I
      </a>
    </li>
    <li class="nhsuk-nav-a-z__item">
      <a class="nhsuk-nav-a-z__link"
         href="#J"
      >
        J
      </a>
    </li>
    <li class="nhsuk-nav-a-z__item">
      <a class="nhsuk-nav-a-z__link"
         href="#K"
      >
        K
      </a>
    </li>
    <li class="nhsuk-nav-a-z__item">
      <a class="nhsuk-nav-a-z__link"
         href="#L"
      >
        L
      </a>
    </li>
    <li class="nhsuk-nav-a-z__item">
      <a class="nhsuk-nav-a-z__link"
         href="#M"
      >
        M
      </a>
    </li>
    <li class="nhsuk-nav-a-z__item">
      <a class="nhsuk-nav-a-z__link"
         href="#N"
      >
        N
      </a>
    </li>
    <li class="nhsuk-nav-a-z__item">
      <a class="nhsuk-nav-a-z__link"
         href="#O"
      >
        O
      </a>
    </li>
    <li class="nhsuk-nav-a-z__item">
      <a class="nhsuk-nav-a-z__link"
         href="#P"
      >
        P
      </a>
    </li>
    <li class="nhsuk-nav-a-z__item">
      <a class="nhsuk-nav-a-z__link"
         href="#Q"
      >
        Q
      </a>
    </li>
    <li class="nhsuk-nav-a-z__item">
      <a class="nhsuk-nav-a-z__link"
         href="#R"
      >
        R
      </a>
    </li>
    <li class="nhsuk-nav-a-z__item">
      <a class="nhsuk-nav-a-z__link"
         href="#S"
      >
        S
      </a>
    </li>
    <li class="nhsuk-nav-a-z__item">
      <a class="nhsuk-nav-a-z__link"
         href="#T"
      >
        T
      </a>
    </li>
    <li class="nhsuk-nav-a-z__item">
      <a class="nhsuk-nav-a-z__link"
         href="#U"
      >
        U
      </a>
    </li>
    <li class="nhsuk-nav-a-z__item">
      <a class="nhsuk-nav-a-z__link"
         href="#V"
      >
        V
      </a>
    </li>
    <li class="nhsuk-nav-a-z__item">
      <a class="nhsuk-nav-a-z__link"
         href="#W"
      >
        W
      </a>
    </li>
    <li class="nhsuk-nav-a-z__item">
      <a class="nhsuk-nav-a-z__link"
         href="#X"
      >
        X
      </a>
    </li>
    <li class="nhsuk-nav-a-z__item">
      <a class="nhsuk-nav-a-z__link"
         href="#Y"
      >
        Y
      </a>
    </li>
    <li class="nhsuk-nav-a-z__item">
      <a class="nhsuk-nav-a-z__link"
         href="#Z"
      >
        Z
      </a>
    </li>
  </ol>
</nav>
`;

exports[`Components/NavAZ UsingACombinationOfProps smoke-test 1`] = `
<nav class="nhsuk-nav-a-z">
  <ol class="nhsuk-nav-a-z__list">
    <li class="nhsuk-nav-a-z__item">
      <a class="nhsuk-nav-a-z__link"
         href="#A"
      >
        A
      </a>
    </li>
    <li class="nhsuk-nav-a-z__item">
      <a class="nhsuk-nav-a-z__link"
         href="#B"
      >
        B
      </a>
    </li>
    <li class="nhsuk-nav-a-z__item">
      <a class="nhsuk-nav-a-z__link"
         href="#C"
      >
        C
      </a>
    </li>
    <li class="nhsuk-nav-a-z__item">
      <a class="nhsuk-nav-a-z__link"
         href="#D"
      >
        D
      </a>
    </li>
    <li class="nhsuk-nav-a-z__item">
      <span class="nhsuk-nav-a-z__link--disabled">
        E
      </span>
    </li>
    <li class="nhsuk-nav-a-z__item">
      <a class="nhsuk-nav-a-z__link"
         href="#F"
      >
        F
      </a>
    </li>
    <li class="nhsuk-nav-a-z__item">
      <a class="nhsuk-nav-a-z__link"
         href="#G"
      >
        G
      </a>
    </li>
    <li class="nhsuk-nav-a-z__item">
      <a class="nhsuk-nav-a-z__link"
         href="#H"
      >
        H
      </a>
    </li>
    <li class="nhsuk-nav-a-z__item">
      <a class="nhsuk-nav-a-z__link"
         href="#J"
      >
        J
      </a>
    </li>
    <li class="nhsuk-nav-a-z__item">
      <a class="nhsuk-nav-a-z__link"
         href="#K"
      >
        K
      </a>
    </li>
    <li class="nhsuk-nav-a-z__item">
      <a class="nhsuk-nav-a-z__link"
         href="#L"
      >
        L
      </a>
    </li>
    <li class="nhsuk-nav-a-z__item">
      <a class="nhsuk-nav-a-z__link"
         href="#M"
      >
        M
      </a>
    </li>
    <li class="nhsuk-nav-a-z__item">
      <a class="nhsuk-nav-a-z__link"
         href="#N"
      >
        N
      </a>
    </li>
    <li class="nhsuk-nav-a-z__item">
      <span class="nhsuk-nav-a-z__link--disabled">
        Q
      </span>
    </li>
    <li class="nhsuk-nav-a-z__item">
      <span class="nhsuk-nav-a-z__link--disabled">
        R
      </span>
    </li>
    <li class="nhsuk-nav-a-z__item">
      <a class="nhsuk-nav-a-z__link"
         href="#S"
      >
        S
      </a>
    </li>
    <li class="nhsuk-nav-a-z__item">
      <span class="nhsuk-nav-a-z__link--disabled">
        T
      </span>
    </li>
    <li class="nhsuk-nav-a-z__item">
      <a class="nhsuk-nav-a-z__link"
         href="#V"
      >
        V
      </a>
    </li>
    <li class="nhsuk-nav-a-z__item">
      <span class="nhsuk-nav-a-z__link--disabled">
        W
      </span>
    </li>
    <li class="nhsuk-nav-a-z__item">
      <a class="nhsuk-nav-a-z__link"
         href="#X"
      >
        X
      </a>
    </li>
    <li class="nhsuk-nav-a-z__item">
      <span class="nhsuk-nav-a-z__link--disabled">
        Y
      </span>
    </li>
    <li class="nhsuk-nav-a-z__item">
      <a class="nhsuk-nav-a-z__link"
         href="#Z"
      >
        Z
      </a>
    </li>
  </ol>
</nav>
`;

exports[`Components/NavAZ UsingFullAlphabetProp smoke-test 1`] = `
<nav class="nhsuk-nav-a-z">
  <ol class="nhsuk-nav-a-z__list">
    <li class="nhsuk-nav-a-z__item">
      <a class="nhsuk-nav-a-z__link"
         href="#A"
      >
        A
      </a>
    </li>
    <li class="nhsuk-nav-a-z__item">
      <a class="nhsuk-nav-a-z__link"
         href="#B"
      >
        B
      </a>
    </li>
    <li class="nhsuk-nav-a-z__item">
      <a class="nhsuk-nav-a-z__link"
         href="#C"
      >
        C
      </a>
    </li>
    <li class="nhsuk-nav-a-z__item">
      <a class="nhsuk-nav-a-z__link"
         href="#D"
      >
        D
      </a>
    </li>
    <li class="nhsuk-nav-a-z__item">
      <a class="nhsuk-nav-a-z__link"
         href="#E"
      >
        E
      </a>
    </li>
    <li class="nhsuk-nav-a-z__item">
      <a class="nhsuk-nav-a-z__link"
         href="#F"
      >
        F
      </a>
    </li>
    <li class="nhsuk-nav-a-z__item">
      <a class="nhsuk-nav-a-z__link"
         href="#G"
      >
        G
      </a>
    </li>
    <li class="nhsuk-nav-a-z__item">
      <a class="nhsuk-nav-a-z__link"
         href="#H"
      >
        H
      </a>
    </li>
    <li class="nhsuk-nav-a-z__item">
      <a class="nhsuk-nav-a-z__link"
         href="#I"
      >
        I
      </a>
    </li>
    <li class="nhsuk-nav-a-z__item">
      <a class="nhsuk-nav-a-z__link"
         href="#J"
      >
        J
      </a>
    </li>
    <li class="nhsuk-nav-a-z__item">
      <a class="nhsuk-nav-a-z__link"
         href="#K"
      >
        K
      </a>
    </li>
    <li class="nhsuk-nav-a-z__item">
      <a class="nhsuk-nav-a-z__link"
         href="#L"
      >
        L
      </a>
    </li>
    <li class="nhsuk-nav-a-z__item">
      <a class="nhsuk-nav-a-z__link"
         href="#M"
      >
        M
      </a>
    </li>
    <li class="nhsuk-nav-a-z__item">
      <a class="nhsuk-nav-a-z__link"
         href="#N"
      >
        N
      </a>
    </li>
    <li class="nhsuk-nav-a-z__item">
      <a class="nhsuk-nav-a-z__link"
         href="#O"
      >
        O
      </a>
    </li>
    <li class="nhsuk-nav-a-z__item">
      <a class="nhsuk-nav-a-z__link"
         href="#P"
      >
        P
      </a>
    </li>
    <li class="nhsuk-nav-a-z__item">
      <a class="nhsuk-nav-a-z__link"
         href="#Q"
      >
        Q
      </a>
    </li>
    <li class="nhsuk-nav-a-z__item">
      <a class="nhsuk-nav-a-z__link"
         href="#R"
      >
        R
      </a>
    </li>
    <li class="nhsuk-nav-a-z__item">
      <a class="nhsuk-nav-a-z__link"
         href="#S"
      >
        S
      </a>
    </li>
    <li class="nhsuk-nav-a-z__item">
      <a class="nhsuk-nav-a-z__link"
         href="#T"
      >
        T
      </a>
    </li>
    <li class="nhsuk-nav-a-z__item">
      <a class="nhsuk-nav-a-z__link"
         href="#U"
      >
        U
      </a>
    </li>
    <li class="nhsuk-nav-a-z__item">
      <a class="nhsuk-nav-a-z__link"
         href="#V"
      >
        V
      </a>
    </li>
    <li class="nhsuk-nav-a-z__item">
      <a class="nhsuk-nav-a-z__link"
         href="#W"
      >
        W
      </a>
    </li>
    <li class="nhsuk-nav-a-z__item">
      <a class="nhsuk-nav-a-z__link"
         href="#X"
      >
        X
      </a>
    </li>
    <li class="nhsuk-nav-a-z__item">
      <a class="nhsuk-nav-a-z__link"
         href="#Y"
      >
        Y
      </a>
    </li>
    <li class="nhsuk-nav-a-z__item">
      <a class="nhsuk-nav-a-z__link"
         href="#Z"
      >
        Z
      </a>
    </li>
  </ol>
</nav>
`;

exports[`Components/NavAZ UsingFullAlphabetPropWithDisabledLetters smoke-test 1`] = `
<nav class="nhsuk-nav-a-z">
  <ol class="nhsuk-nav-a-z__list">
    <li class="nhsuk-nav-a-z__item">
      <span class="nhsuk-nav-a-z__link--disabled">
        A
      </span>
    </li>
    <li class="nhsuk-nav-a-z__item">
      <span class="nhsuk-nav-a-z__link--disabled">
        B
      </span>
    </li>
    <li class="nhsuk-nav-a-z__item">
      <span class="nhsuk-nav-a-z__link--disabled">
        C
      </span>
    </li>
    <li class="nhsuk-nav-a-z__item">
      <a class="nhsuk-nav-a-z__link"
         href="#D"
      >
        D
      </a>
    </li>
    <li class="nhsuk-nav-a-z__item">
      <a class="nhsuk-nav-a-z__link"
         href="#E"
      >
        E
      </a>
    </li>
    <li class="nhsuk-nav-a-z__item">
      <a class="nhsuk-nav-a-z__link"
         href="#F"
      >
        F
      </a>
    </li>
    <li class="nhsuk-nav-a-z__item">
      <a class="nhsuk-nav-a-z__link"
         href="#G"
      >
        G
      </a>
    </li>
    <li class="nhsuk-nav-a-z__item">
      <a class="nhsuk-nav-a-z__link"
         href="#H"
      >
        H
      </a>
    </li>
    <li class="nhsuk-nav-a-z__item">
      <a class="nhsuk-nav-a-z__link"
         href="#I"
      >
        I
      </a>
    </li>
    <li class="nhsuk-nav-a-z__item">
      <a class="nhsuk-nav-a-z__link"
         href="#J"
      >
        J
      </a>
    </li>
    <li class="nhsuk-nav-a-z__item">
      <a class="nhsuk-nav-a-z__link"
         href="#K"
      >
        K
      </a>
    </li>
    <li class="nhsuk-nav-a-z__item">
      <a class="nhsuk-nav-a-z__link"
         href="#L"
      >
        L
      </a>
    </li>
    <li class="nhsuk-nav-a-z__item">
      <a class="nhsuk-nav-a-z__link"
         href="#M"
      >
        M
      </a>
    </li>
    <li class="nhsuk-nav-a-z__item">
      <a class="nhsuk-nav-a-z__link"
         href="#N"
      >
        N
      </a>
    </li>
    <li class="nhsuk-nav-a-z__item">
      <a class="nhsuk-nav-a-z__link"
         href="#O"
      >
        O
      </a>
    </li>
    <li class="nhsuk-nav-a-z__item">
      <a class="nhsuk-nav-a-z__link"
         href="#P"
      >
        P
      </a>
    </li>
    <li class="nhsuk-nav-a-z__item">
      <a class="nhsuk-nav-a-z__link"
         href="#Q"
      >
        Q
      </a>
    </li>
    <li class="nhsuk-nav-a-z__item">
      <a class="nhsuk-nav-a-z__link"
         href="#R"
      >
        R
      </a>
    </li>
    <li class="nhsuk-nav-a-z__item">
      <a class="nhsuk-nav-a-z__link"
         href="#S"
      >
        S
      </a>
    </li>
    <li class="nhsuk-nav-a-z__item">
      <a class="nhsuk-nav-a-z__link"
         href="#T"
      >
        T
      </a>
    </li>
    <li class="nhsuk-nav-a-z__item">
      <a class="nhsuk-nav-a-z__link"
         href="#U"
      >
        U
      </a>
    </li>
    <li class="nhsuk-nav-a-z__item">
      <a class="nhsuk-nav-a-z__link"
         href="#V"
      >
        V
      </a>
    </li>
    <li class="nhsuk-nav-a-z__item">
      <a class="nhsuk-nav-a-z__link"
         href="#W"
      >
        W
      </a>
    </li>
    <li class="nhsuk-nav-a-z__item">
      <a class="nhsuk-nav-a-z__link"
         href="#X"
      >
        X
      </a>
    </li>
    <li class="nhsuk-nav-a-z__item">
      <a class="nhsuk-nav-a-z__link"
         href="#Y"
      >
        Y
      </a>
    </li>
    <li class="nhsuk-nav-a-z__item">
      <a class="nhsuk-nav-a-z__link"
         href="#Z"
      >
        Z
      </a>
    </li>
  </ol>
</nav>
`;

exports[`Components/NavAZ UsingFullAlphabetPropWithRemovedLetters smoke-test 1`] = `
<nav class="nhsuk-nav-a-z">
  <ol class="nhsuk-nav-a-z__list">
    <li class="nhsuk-nav-a-z__item">
      <a class="nhsuk-nav-a-z__link"
         href="#D"
      >
        D
      </a>
    </li>
    <li class="nhsuk-nav-a-z__item">
      <a class="nhsuk-nav-a-z__link"
         href="#E"
      >
        E
      </a>
    </li>
    <li class="nhsuk-nav-a-z__item">
      <a class="nhsuk-nav-a-z__link"
         href="#F"
      >
        F
      </a>
    </li>
    <li class="nhsuk-nav-a-z__item">
      <a class="nhsuk-nav-a-z__link"
         href="#G"
      >
        G
      </a>
    </li>
    <li class="nhsuk-nav-a-z__item">
      <a class="nhsuk-nav-a-z__link"
         href="#H"
      >
        H
      </a>
    </li>
    <li class="nhsuk-nav-a-z__item">
      <a class="nhsuk-nav-a-z__link"
         href="#I"
      >
        I
      </a>
    </li>
    <li class="nhsuk-nav-a-z__item">
      <a class="nhsuk-nav-a-z__link"
         href="#J"
      >
        J
      </a>
    </li>
    <li class="nhsuk-nav-a-z__item">
      <a class="nhsuk-nav-a-z__link"
         href="#K"
      >
        K
      </a>
    </li>
    <li class="nhsuk-nav-a-z__item">
      <a class="nhsuk-nav-a-z__link"
         href="#L"
      >
        L
      </a>
    </li>
    <li class="nhsuk-nav-a-z__item">
      <a class="nhsuk-nav-a-z__link"
         href="#M"
      >
        M
      </a>
    </li>
    <li class="nhsuk-nav-a-z__item">
      <a class="nhsuk-nav-a-z__link"
         href="#N"
      >
        N
      </a>
    </li>
    <li class="nhsuk-nav-a-z__item">
      <a class="nhsuk-nav-a-z__link"
         href="#O"
      >
        O
      </a>
    </li>
    <li class="nhsuk-nav-a-z__item">
      <a class="nhsuk-nav-a-z__link"
         href="#P"
      >
        P
      </a>
    </li>
    <li class="nhsuk-nav-a-z__item">
      <a class="nhsuk-nav-a-z__link"
         href="#Q"
      >
        Q
      </a>
    </li>
    <li class="nhsuk-nav-a-z__item">
      <a class="nhsuk-nav-a-z__link"
         href="#R"
      >
        R
      </a>
    </li>
    <li class="nhsuk-nav-a-z__item">
      <a class="nhsuk-nav-a-z__link"
         href="#S"
      >
        S
      </a>
    </li>
    <li class="nhsuk-nav-a-z__item">
      <a class="nhsuk-nav-a-z__link"
         href="#T"
      >
        T
      </a>
    </li>
    <li class="nhsuk-nav-a-z__item">
      <a class="nhsuk-nav-a-z__link"
         href="#U"
      >
        U
      </a>
    </li>
    <li class="nhsuk-nav-a-z__item">
      <a class="nhsuk-nav-a-z__link"
         href="#V"
      >
        V
      </a>
    </li>
    <li class="nhsuk-nav-a-z__item">
      <a class="nhsuk-nav-a-z__link"
         href="#W"
      >
        W
      </a>
    </li>
    <li class="nhsuk-nav-a-z__item">
      <a class="nhsuk-nav-a-z__link"
         href="#X"
      >
        X
      </a>
    </li>
    <li class="nhsuk-nav-a-z__item">
      <a class="nhsuk-nav-a-z__link"
         href="#Y"
      >
        Y
      </a>
    </li>
    <li class="nhsuk-nav-a-z__item">
      <a class="nhsuk-nav-a-z__link"
         href="#Z"
      >
        Z
      </a>
    </li>
  </ol>
</nav>
`;

exports[`Components/NavAZ UsingIndividualLetters smoke-test 1`] = `
<nav class="nhsuk-nav-a-z">
  <ol class="nhsuk-nav-a-z__list">
    <li class="nhsuk-nav-a-z__item">
      <a class="nhsuk-nav-a-z__link"
         href="#A"
      >
        A
      </a>
    </li>
    <li class="nhsuk-nav-a-z__item">
      <a class="nhsuk-nav-a-z__link"
         href="#B"
      >
        B
      </a>
    </li>
    <li class="nhsuk-nav-a-z__item">
      <a class="nhsuk-nav-a-z__link"
         href="#C"
      >
        C
      </a>
    </li>
  </ol>
</nav>
`;
