// Jest Snapshot v1, https://goo.gl/fbAQLP

exports[`ContentsList ContentsList.Item matches snapshot: ContentsList.Item 1`] = `
<li
  className="nhsuk-contents-list__item"
>
  <a
    className="nhsuk-contents-list__link"
  >
    Content
  </a>
</li>
`;

exports[`ContentsList matches snapshot: ContentsList 1`] = `
<nav
  className="nhsuk-contents-list"
  role="navigation"
>
  <h2
    className="nhsuk-u-visually-hidden"
  >
    Contents
  </h2>
  <ol
    className="nhsuk-contents-list__list"
  />
</nav>
`;
